OpenParenToken
CloseParenToken
OpenParenToken
CloseParenToken
CloseParenToken
CloseParenToken
OpenParenToken
EndToken
